#  step      rmse_trn    rmse_e_trn    rmse_f_trn         lr
# If there is no available reference data, rmse_*_{val,trn} will print nan
      0      4.27e+01      4.05e-01      1.35e+00    2.0e-03
   1000      1.78e+01      3.99e-03      5.64e-01    2.0e-03
   2000      9.33e+00      1.55e-01      2.95e-01    2.0e-03
   3000      8.65e+00      9.47e-02      2.81e-01    1.9e-03
   4000      3.32e+00      4.56e-02      1.08e-01    1.9e-03
   5000      4.36e+00      3.75e-02      1.42e-01    1.9e-03
   6000      2.93e+00      1.44e-02      9.84e-02    1.8e-03
   7000      4.24e+00      1.50e-01      1.38e-01    1.8e-03
   8000      1.47e+00      4.51e-02      4.92e-02    1.8e-03
   9000      7.80e+00      4.92e-02      2.69e-01    1.7e-03
  10000      8.33e+00      5.12e-03      2.89e-01    1.7e-03
  11000      4.64e+00      6.68e-02      1.60e-01    1.7e-03
  12000      2.22e+00      3.63e-02      7.80e-02    1.6e-03
  13000      1.16e+01      1.07e-01      4.10e-01    1.6e-03
  14000      1.93e+00      1.95e-02      6.87e-02    1.6e-03
  15000      2.90e+00      3.94e-02      1.05e-01    1.5e-03
  16000      4.16e+00      5.50e-02      1.53e-01    1.5e-03
  17000      1.04e+01      2.58e-02      3.84e-01    1.5e-03
  18000      3.62e+00      8.24e-02      1.33e-01    1.4e-03
  19000      3.32e+00      4.76e-02      1.25e-01    1.4e-03
  20000      2.73e+00      5.61e-02      1.03e-01    1.4e-03
  21000      2.67e+00      1.49e-03      1.05e-01    1.3e-03
  22000      1.00e+00      2.66e-02      3.89e-02    1.3e-03
  23000      3.40e+00      4.78e-02      1.29e-01    1.3e-03
  24000      3.24e+00      8.71e-02      1.27e-01    1.2e-03
  25000      2.99e+00      1.97e-02      1.20e-01    1.2e-03
  26000      3.04e+00      1.32e-02      1.23e-01    1.2e-03
  27000      2.80e+00      2.55e-02      1.16e-01    1.2e-03
  28000      3.00e+00      4.27e-04      1.25e-01    1.2e-03
  29000      2.95e+00      1.14e-01      1.20e-01    1.2e-03
  30000      5.26e+00      1.47e-02      2.26e-01    1.1e-03
  31000      1.90e+00      9.20e-03      8.14e-02    1.1e-03
  32000      2.44e+00      5.33e-03      1.05e-01    1.1e-03
  33000      6.60e+00      4.80e-03      2.92e-01    1.0e-03
  34000      1.45e+00      2.42e-02      6.14e-02    1.0e-03
  35000      2.98e+00      1.47e-02      1.32e-01    1.0e-03
  36000      2.54e+00      3.91e-02      1.13e-01    9.6e-04
  37000      2.61e+00      1.28e-02      1.19e-01    9.6e-04
  38000      1.30e+00      1.25e-02      5.83e-02    9.6e-04
  39000      1.55e+00      5.06e-04      7.30e-02    9.0e-04
  40000      1.99e+00      1.37e-02      9.37e-02    9.0e-04
  41000      2.83e+00      3.69e-01      8.78e-02    9.0e-04
  42000      3.17e+00      6.14e-03      1.53e-01    8.5e-04
  43000      1.93e+00      1.24e-02      9.26e-02    8.5e-04
  44000      5.78e+00      4.91e-02      2.79e-01    8.5e-04
  45000      1.28e+00      5.17e-02      4.20e-02    8.0e-04
  46000      3.93e+00      6.28e-02      1.93e-01    8.0e-04
  47000      1.31e+00      3.31e-02      5.75e-02    8.0e-04
  48000      1.05e+00      1.08e-02      5.26e-02    7.5e-04
  49000      1.55e+00      7.19e-03      7.98e-02    7.5e-04
  50000      1.02e+00      1.41e-02      5.09e-02    7.5e-04
  51000      1.14e+00      1.18e-02      5.91e-02    7.1e-04
  52000      2.33e+00      1.49e-02      1.24e-01    7.1e-04
  53000      5.40e+00      1.48e-02      2.86e-01    7.1e-04
  54000      2.19e+00      2.29e-03      1.20e-01    6.7e-04
  55000      2.24e+00      9.97e-02      5.97e-02    6.7e-04
  56000      1.73e+00      3.84e-03      9.45e-02    6.7e-04
  57000      1.50e+00      1.23e-02      8.44e-02    6.3e-04
  58000      2.92e+00      9.20e-03      1.65e-01    6.3e-04
  59000      1.03e+00      6.04e-02      5.50e-02    6.3e-04
  60000      1.30e+00      1.76e-02      7.44e-02    5.9e-04
  61000      2.45e+00      6.95e-03      1.42e-01    5.9e-04
  62000      6.80e-01      8.31e-03      3.83e-02    5.9e-04
  63000      1.23e+00      3.80e-03      7.38e-02    5.6e-04
  64000      3.51e+00      7.13e-02      2.04e-01    5.6e-04
  65000      1.55e+00      4.57e-03      9.30e-02    5.6e-04
  66000      1.63e+00      6.66e-02      7.29e-02    5.2e-04
  67000      1.09e+00      5.10e-03      6.72e-02    5.2e-04
  68000      1.70e+00      6.02e-03      1.04e-01    5.2e-04
  69000      1.08e+00      2.70e-03      6.89e-02    4.9e-04
  70000      1.08e+00      1.29e-02      6.79e-02    4.9e-04
  71000      8.64e-01      1.10e-02      5.49e-02    4.9e-04
  72000      2.26e+00      1.01e-01      5.04e-02    4.6e-04
  73000      8.21e-01      3.44e-03      5.37e-02    4.6e-04
  74000      1.26e+00      1.57e-02      8.26e-02    4.6e-04
  75000      1.25e+00      8.28e-03      8.36e-02    4.3e-04
  76000      1.02e+00      2.59e-02      5.80e-02    4.3e-04
  77000      7.97e-01      5.79e-03      5.33e-02    4.3e-04
  78000      8.16e-01      2.19e-03      5.69e-02    4.1e-04
  79000      3.60e+00      2.22e-02      2.50e-01    4.1e-04
  80000      2.18e+00      2.83e-02      1.51e-01    4.1e-04
  81000      9.82e-01      1.18e-02      7.04e-02    3.8e-04
  82000      3.87e-01      2.28e-02      2.49e-02    3.8e-04
  83000      1.12e+00      8.84e-03      7.87e-02    3.8e-04
  84000      3.60e-01      2.13e-03      2.64e-02    3.6e-04
  85000      3.47e-01      2.06e-02      2.19e-02    3.6e-04
  86000      3.58e+00      5.20e-03      2.66e-01    3.6e-04
  87000      1.81e+00      9.61e-04      1.39e-01    3.4e-04
  88000      1.40e+00      3.53e-03      1.07e-01    3.4e-04
  89000      3.47e+00      7.39e-03      2.65e-01    3.4e-04
  90000      2.12e+00      7.20e-03      1.67e-01    3.2e-04
  91000      4.96e-01      5.64e-03      3.80e-02    3.2e-04
  92000      2.82e+00      4.29e-02      2.05e-01    3.2e-04
  93000      8.48e-01      7.41e-03      6.84e-02    3.0e-04
  94000      7.62e-01      2.34e-02      4.54e-02    3.0e-04
  95000      1.01e+00      1.08e-02      8.18e-02    3.0e-04
  96000      1.80e+00      2.41e-03      1.51e-01    2.8e-04
  97000      4.92e-01      1.32e-02      4.04e-02    2.8e-04
  98000      6.40e-01      8.46e-03      5.33e-02    2.8e-04
  99000      1.91e+00      1.05e-02      1.63e-01    2.7e-04
 100000      5.94e-01      2.24e-03      5.10e-02    2.7e-04
 101000      3.06e+00      2.38e-02      2.59e-01    2.7e-04
 102000      1.26e+00      3.04e-02      1.11e-01    2.5e-04
 103000      1.63e+00      9.56e-03      1.44e-01    2.5e-04
 104000      6.16e-01      6.76e-03      5.31e-02    2.5e-04
 105000      1.43e+00      7.09e-03      1.30e-01    2.4e-04
 106000      6.35e-01      1.24e-02      5.75e-02    2.4e-04
 107000      5.53e-01      7.91e-04      5.07e-02    2.4e-04
 108000      2.43e+00      5.80e-03      2.29e-01    2.2e-04
 109000      7.77e-01      2.19e-02      7.15e-02    2.2e-04
 110000      2.24e+00      2.47e-02      2.09e-01    2.2e-04
 111000      9.16e-01      9.68e-03      8.87e-02    2.1e-04
 112000      4.65e-01      9.13e-04      4.52e-02    2.1e-04
 113000      7.18e-01      2.16e-03      6.97e-02    2.1e-04
 114000      5.09e-01      4.01e-02      3.95e-02    2.0e-04
 115000      2.91e+00      4.69e-02      2.85e-01    2.0e-04
 116000      3.63e-01      3.94e-03      3.58e-02    2.0e-04
 117000      7.94e-01      1.05e-02      8.17e-02    1.9e-04
 118000      1.77e+00      3.99e-03      1.83e-01    1.9e-04
 119000      1.51e+00      1.16e-02      1.53e-01    1.9e-04
 120000      8.40e-01      9.72e-03      8.91e-02    1.7e-04
 121000      8.16e-01      5.12e-03      8.68e-02    1.7e-04
 122000      6.58e-01      2.00e-02      4.16e-02    1.7e-04
 123000      7.39e-01      2.54e-02      4.98e-02    1.6e-04
 124000      4.87e-01      8.36e-03      4.99e-02    1.6e-04
 125000      5.26e-01      7.97e-03      5.57e-02    1.6e-04
 126000      4.23e-01      6.85e-03      4.45e-02    1.5e-04
 127000      9.56e-01      3.37e-03      1.08e-01    1.5e-04
 128000      5.10e-01      3.19e-03      5.76e-02    1.5e-04
 129000      5.05e-01      7.72e-04      5.89e-02    1.4e-04
 130000      2.33e+00      3.24e-03      2.71e-01    1.4e-04
 131000      5.75e-01      1.43e-03      6.71e-02    1.4e-04
 132000      4.80e-01      9.54e-03      5.56e-02    1.4e-04
 133000      3.88e-01      4.87e-04      4.66e-02    1.4e-04
 134000      5.85e-01      5.59e-03      7.02e-02    1.4e-04
 135000      5.55e-01      1.06e-02      6.79e-02    1.3e-04
 136000      1.15e+00      1.13e-02      1.42e-01    1.3e-04
 137000      4.04e-01      3.53e-03      4.99e-02    1.3e-04
 138000      2.53e-01      6.07e-03      3.18e-02    1.2e-04
 139000      4.05e-01      6.35e-03      4.69e-02    1.2e-04
 140000      4.84e-01      1.07e-02      5.29e-02    1.2e-04
 141000      7.62e-01      9.99e-03      9.96e-02    1.1e-04
 142000      1.83e+00      2.96e-02      2.36e-01    1.1e-04
 143000      2.38e+00      3.14e-02      2.93e-01    1.1e-04
 144000      1.84e+00      8.24e-03      2.49e-01    1.1e-04
 145000      3.47e-01      4.42e-03      4.50e-02    1.1e-04
 146000      3.93e-01      7.52e-04      5.33e-02    1.1e-04
 147000      4.65e-01      1.32e-02      4.85e-02    1.0e-04
 148000      2.07e-01      2.16e-02      1.46e-02    1.0e-04
 149000      5.31e-01      4.05e-03      7.39e-02    1.0e-04
 150000      1.07e+00      5.75e-03      1.54e-01    9.5e-05
 151000      3.49e-01      5.85e-03      4.69e-02    9.5e-05
 152000      5.10e-01      3.17e-03      7.24e-02    9.5e-05
 153000      1.65e+00      1.94e-03      2.45e-01    8.9e-05
 154000      5.17e-01      1.50e-02      7.37e-02    8.9e-05
 155000      5.72e-01      1.47e-02      7.95e-02    8.9e-05
 156000      4.88e-01      4.62e-02      4.60e-02    8.4e-05
 157000      1.51e+00      2.20e-02      2.26e-01    8.4e-05
 158000      2.75e-01      2.78e-03      4.19e-02    8.4e-05
 159000      7.34e-01      2.80e-03      1.15e-01    7.9e-05
 160000      1.93e+00      1.53e-02      3.02e-01    7.9e-05
 161000      2.23e-01      3.69e-03      3.27e-02    7.9e-05
 162000      6.03e-01      5.01e-03      9.65e-02    7.4e-05
 163000      1.22e+00      1.86e-02      1.80e-01    7.4e-05
 164000      2.89e-01      4.00e-03      4.34e-02    7.4e-05
 165000      1.89e+00      8.20e-03      3.15e-01    7.0e-05
 166000      3.51e-01      8.42e-03      5.21e-02    7.0e-05
 167000      5.47e-01      5.20e-03      9.07e-02    7.0e-05
 168000      4.12e-01      8.33e-04      7.08e-02    6.6e-05
 169000      3.22e-01      1.17e-02      5.19e-02    6.6e-05
 170000      1.62e+00      3.09e-02      2.70e-01    6.6e-05
 171000      8.36e-01      5.38e-04      1.48e-01    6.2e-05
 172000      1.10e+00      2.21e-02      1.90e-01    6.2e-05
 173000      4.07e-01      1.19e-02      5.95e-02    6.2e-05
 174000      1.16e+00      3.83e-03      2.11e-01    5.8e-05
 175000      1.02e+00      2.30e-03      1.87e-01    5.8e-05
 176000      8.48e-01      6.02e-04      1.55e-01    5.8e-05
 177000      1.37e+00      6.02e-03      2.55e-01    5.5e-05
 178000      2.57e-01      2.46e-03      4.66e-02    5.5e-05
 179000      2.36e-01      5.69e-03      3.98e-02    5.5e-05
 180000      1.25e+00      1.35e-02      2.32e-01    5.1e-05
 181000      4.81e-01      7.98e-03      9.11e-02    5.1e-05
 182000      4.09e-01      3.31e-03      7.91e-02    5.1e-05
 183000      2.89e-01      6.01e-03      4.74e-02    4.8e-05
 184000      7.52e-01      2.81e-03      1.49e-01    4.8e-05
 185000      1.35e-01      4.16e-03      2.48e-02    4.8e-05
 186000      4.85e-01      5.08e-05      9.96e-02    4.5e-05
 187000      4.58e-01      5.24e-03      9.35e-02    4.5e-05
 188000      4.16e-01      3.01e-03      8.45e-02    4.5e-05
 189000      3.52e-01      1.13e-02      3.51e-02    4.3e-05
 190000      5.29e-01      2.46e-03      1.11e-01    4.3e-05
 191000      3.70e-01      1.43e-03      7.82e-02    4.3e-05
 192000      3.20e-01      4.25e-03      6.87e-02    4.0e-05
 193000      2.14e-01      3.65e-03      4.25e-02    4.0e-05
 194000      4.01e-01      1.39e-02      4.95e-02    4.0e-05
 195000      1.25e+00      6.12e-03      2.77e-01    3.8e-05
 196000      3.49e-01      5.04e-03      7.19e-02    3.8e-05
 197000      3.46e-01      1.60e-03      7.73e-02    3.8e-05
 198000      9.28e-01      3.72e-03      2.14e-01    3.6e-05
 199000      3.32e-01      2.90e-03      7.45e-02    3.6e-05
 200000      8.72e-01      3.06e-03      2.01e-01    3.6e-05
 201000      2.34e-01      1.68e-03      5.55e-02    3.4e-05
 202000      2.46e-01      4.69e-03      5.76e-02    3.4e-05
 203000      6.39e-01      2.31e-03      1.52e-01    3.4e-05
 204000      2.71e-01      5.31e-03      6.41e-02    3.2e-05
 205000      1.74e-01      2.02e-03      4.11e-02    3.2e-05
 206000      2.64e-01      3.12e-03      6.10e-02    3.2e-05
 207000      2.19e-01      1.72e-03      5.48e-02    3.0e-05
 208000      4.26e-01      6.48e-04      1.07e-01    3.0e-05
 209000      3.19e-01      3.20e-03      7.99e-02    3.0e-05
 210000      1.98e-01      4.85e-03      5.01e-02    2.8e-05
 211000      2.88e-01      4.38e-03      6.77e-02    2.8e-05
 212000      7.37e-01      7.47e-04      1.91e-01    2.8e-05
 213000      1.73e-01      9.02e-04      4.55e-02    2.6e-05
 214000      1.62e+00      4.60e-03      4.30e-01    2.6e-05
 215000      1.26e-01      1.40e-03      3.32e-02    2.6e-05
 216000      2.86e-01      5.88e-03      7.76e-02    2.5e-05
 217000      2.54e-01      2.10e-03      6.94e-02    2.5e-05
 218000      5.84e-01      7.27e-03      1.59e-01    2.5e-05
 219000      2.28e-01      6.26e-03      4.87e-02    2.3e-05
 220000      3.85e-01      3.24e-03      1.08e-01    2.3e-05
 221000      1.67e-01      3.17e-03      4.20e-02    2.3e-05
 222000      1.02e-01      4.53e-03      2.74e-02    2.2e-05
 223000      1.69e-01      4.76e-03      4.56e-02    2.2e-05
 224000      1.52e-01      1.46e-04      4.40e-02    2.2e-05
 225000      2.07e-01      2.45e-04      6.17e-02    2.1e-05
 226000      1.06e-01      4.34e-03      1.93e-02    2.1e-05
 227000      2.15e-01      3.31e-03      6.26e-02    2.1e-05
 228000      2.69e-01      4.72e-03      7.20e-02    1.9e-05
 229000      2.66e-01      3.23e-03      8.10e-02    1.9e-05
 230000      2.70e-01      2.79e-03      8.24e-02    1.9e-05
 231000      1.95e-01      2.17e-03      6.11e-02    1.8e-05
 232000      3.07e-01      1.36e-04      9.67e-02    1.8e-05
 233000      9.84e-02      5.27e-04      3.10e-02    1.8e-05
 234000      8.68e-01      1.49e-03      2.81e-01    1.7e-05
 235000      6.16e-01      2.66e-03      1.98e-01    1.7e-05
 236000      1.69e-01      4.83e-04      5.45e-02    1.7e-05
 237000      1.48e-01      1.34e-03      4.77e-02    1.6e-05
 238000      1.73e-01      5.66e-03      5.54e-02    1.6e-05
 239000      7.44e-01      1.48e-03      2.47e-01    1.6e-05
 240000      3.92e-01      3.60e-03      1.30e-01    1.5e-05
 241000      1.77e-01      5.72e-03      5.39e-02    1.5e-05
 242000      9.14e-02      1.26e-03      3.10e-02    1.5e-05
 243000      1.47e-01      3.60e-04      5.15e-02    1.4e-05
 244000      1.10e-01      5.95e-04      3.81e-02    1.4e-05
 245000      9.10e-02      5.29e-04      3.19e-02    1.4e-05
 246000      1.50e-01      2.50e-03      5.34e-02    1.3e-05
 247000      8.71e-02      3.02e-03      3.00e-02    1.3e-05
 248000      1.24e-01      2.33e-03      3.83e-02    1.3e-05
 249000      1.47e-01      3.61e-03      4.41e-02    1.3e-05
 250000      3.84e-01      6.16e-03      1.28e-01    1.3e-05
 251000      1.86e-01      1.85e-03      6.84e-02    1.3e-05
 252000      3.27e-01      2.16e-03      1.24e-01    1.2e-05
 253000      1.50e-01      3.60e-03      4.86e-02    1.2e-05
 254000      2.17e-01      2.98e-03      8.18e-02    1.2e-05
 255000      6.14e-02      7.39e-04      2.26e-02    1.1e-05
 256000      1.34e-01      1.57e-03      5.07e-02    1.1e-05
 257000      2.17e-01      1.08e-03      8.46e-02    1.1e-05
 258000      2.57e-01      7.65e-04      1.02e-01    1.1e-05
 259000      1.32e-01      1.01e-03      5.15e-02    1.1e-05
 260000      7.31e-02      2.02e-04      2.92e-02    1.1e-05
 261000      9.87e-02      1.35e-03      3.75e-02    9.9e-06
 262000      1.63e-01      7.01e-04      6.68e-02    9.9e-06
 263000      1.17e-01      2.16e-03      4.32e-02    9.9e-06
 264000      4.87e-01      3.34e-03      2.04e-01    9.3e-06
 265000      4.32e-01      4.52e-04      1.82e-01    9.3e-06
 266000      1.26e-01      1.32e-03      5.30e-02    9.3e-06
 267000      6.18e-01      4.64e-04      2.67e-01    8.8e-06
 268000      9.18e-02      6.15e-04      3.93e-02    8.8e-06
 269000      4.18e-01      5.34e-04      1.80e-01    8.8e-06
 270000      8.85e-02      5.59e-04      3.85e-02    8.2e-06
 271000      1.41e-01      1.08e-03      6.21e-02    8.2e-06
 272000      6.26e-01      1.09e-02      2.69e-01    8.2e-06
 273000      3.92e-01      1.73e-03      1.76e-01    7.7e-06
 274000      2.14e-01      3.68e-04      9.67e-02    7.7e-06
 275000      6.93e-01      4.77e-03      3.08e-01    7.7e-06
 276000      8.35e-02      1.15e-04      3.88e-02    7.3e-06
 277000      2.05e-01      1.01e-03      9.53e-02    7.3e-06
 278000      1.60e-01      5.94e-03      6.52e-02    7.3e-06
 279000      4.40e-01      2.69e-03      2.06e-01    6.9e-06
 280000      5.31e-01      3.64e-03      2.52e-01    6.9e-06
 281000      5.00e-01      1.62e-02      2.25e-01    6.9e-06
 282000      1.65e-01      1.45e-03      7.81e-02    6.4e-06
 283000      2.07e-01      2.96e-03      9.96e-02    6.4e-06
 284000      6.30e-02      2.19e-03      2.88e-02    6.4e-06
 285000      7.46e-02      2.79e-03      3.25e-02    6.1e-06
 286000      4.13e-01      6.25e-04      2.06e-01    6.1e-06
 287000      2.40e-01      1.83e-03      1.19e-01    6.1e-06
 288000      1.09e-01      1.80e-03      5.53e-02    5.7e-06
 289000      8.16e-02      1.12e-03      3.85e-02    5.7e-06
 290000      8.04e-02      5.26e-03      3.15e-02    5.7e-06
 291000      1.09e-01      2.29e-03      4.89e-02    5.4e-06
 292000      1.28e-01      1.51e-03      6.63e-02    5.4e-06
 293000      1.42e-01      4.80e-04      7.38e-02    5.4e-06
 294000      1.92e-01      7.04e-03      4.87e-02    5.1e-06
 295000      1.38e-01      3.20e-03      5.61e-02    5.1e-06
 296000      4.28e-02      1.24e-03      1.88e-02    5.1e-06
 297000      3.25e-01      4.72e-03      1.75e-01    4.8e-06
 298000      1.16e-01      8.40e-04      6.30e-02    4.8e-06
 299000      9.63e-02      4.92e-04      5.20e-02    4.8e-06
 300000      7.84e-02      2.39e-03      3.25e-02    4.5e-06
 301000      8.88e-02      1.93e-03      4.35e-02    4.5e-06
 302000      7.40e-02      1.63e-03      3.26e-02    4.5e-06
 303000      1.69e-01      6.28e-04      9.59e-02    4.2e-06
 304000      1.33e-01      9.72e-04      7.41e-02    4.2e-06
 305000      1.01e-01      2.25e-03      5.48e-02    4.2e-06
 306000      6.73e-02      5.13e-04      3.83e-02    4.0e-06
 307000      9.14e-02      2.67e-03      5.08e-02    4.0e-06
 308000      1.11e-01      7.63e-04      6.43e-02    4.0e-06
 309000      1.40e-01      1.26e-03      8.05e-02    3.7e-06
 310000      8.09e-02      2.25e-03      4.12e-02    3.7e-06
 311000      9.55e-02      1.73e-03      5.47e-02    3.7e-06
 312000      8.53e-02      3.12e-04      5.14e-02    3.5e-06
 313000      9.53e-02      5.46e-03      5.02e-02    3.5e-06
 314000      1.20e-01      3.88e-03      4.57e-02    3.5e-06
 315000      4.62e-02      3.60e-03      1.84e-02    3.3e-06
 316000      7.84e-02      7.41e-04      4.70e-02    3.3e-06
 317000      3.48e-01      1.14e-02      1.91e-01    3.3e-06
 318000      1.41e-01      7.88e-04      8.82e-02    3.1e-06
 319000      3.93e-01      1.83e-03      2.46e-01    3.1e-06
 320000      1.12e-01      1.52e-04      7.04e-02    3.1e-06
 321000      9.11e-02      1.05e-03      5.51e-02    2.9e-06
 322000      4.42e-01      1.11e-02      2.73e-01    2.9e-06
 323000      1.57e-01      1.22e-03      9.78e-02    2.9e-06
 324000      1.80e-01      1.81e-03      1.16e-01    2.7e-06
 325000      1.18e-01      1.18e-03      7.65e-02    2.7e-06
 326000      2.53e-01      4.09e-03      1.62e-01    2.7e-06
 327000      1.74e-01      5.44e-03      1.09e-01    2.6e-06
 328000      3.22e-01      4.54e-03      2.11e-01    2.6e-06
 329000      3.83e-01      9.36e-03      2.46e-01    2.6e-06
 330000      7.21e-02      1.47e-03      4.22e-02    2.4e-06
 331000      2.69e-01      2.55e-03      1.74e-01    2.4e-06
 332000      9.08e-02      5.39e-04      6.10e-02    2.4e-06
 333000      4.39e-01      5.39e-03      2.96e-01    2.3e-06
 334000      1.23e-01      3.30e-05      8.42e-02    2.3e-06
 335000      6.81e-02      1.64e-03      4.42e-02    2.3e-06
 336000      5.18e-02      1.24e-03      3.55e-02    2.2e-06
 337000      7.47e-02      7.24e-04      5.09e-02    2.2e-06
 338000      9.38e-02      5.91e-04      6.49e-02    2.2e-06
 339000      1.60e-01      3.25e-03      1.11e-01    2.0e-06
 340000      8.56e-02      3.08e-03      4.28e-02    2.0e-06
 341000      2.35e-01      2.75e-03      1.63e-01    2.0e-06
 342000      6.24e-02      9.36e-04      4.43e-02    1.9e-06
 343000      2.02e-01      3.78e-03      1.24e-01    1.9e-06
 344000      4.93e-02      2.61e-03      3.15e-02    1.9e-06
 345000      1.51e-01      1.20e-03      1.10e-01    1.8e-06
 346000      4.33e-01      3.67e-03      3.06e-01    1.8e-06
 347000      5.63e-02      1.13e-05      4.09e-02    1.8e-06
 348000      2.15e-01      1.42e-03      1.55e-01    1.7e-06
 349000      5.60e-02      6.50e-04      4.03e-02    1.7e-06
 350000      1.59e-01      9.12e-04      1.17e-01    1.7e-06
 351000      1.48e-01      4.59e-04      1.10e-01    1.6e-06
 352000      1.28e-01      3.36e-03      9.22e-02    1.6e-06
 353000      1.31e-01      1.21e-03      9.43e-02    1.6e-06
 354000      8.52e-02      1.56e-03      6.24e-02    1.5e-06
 355000      8.91e-02      1.92e-03      6.63e-02    1.5e-06
 356000      1.06e-01      1.90e-03      7.90e-02    1.5e-06
 357000      8.98e-02      1.21e-03      6.64e-02    1.4e-06
 358000      5.83e-02      3.18e-04      4.43e-02    1.4e-06
 359000      2.05e-01      2.20e-03      1.50e-01    1.4e-06
 360000      2.54e-01      3.71e-03      1.81e-01    1.3e-06
 361000      9.31e-02      1.39e-03      7.09e-02    1.3e-06
 362000      1.05e-01      5.39e-03      7.01e-02    1.3e-06
 363000      2.61e-01      1.78e-03      2.04e-01    1.2e-06
 364000      1.28e-01      1.42e-03      9.55e-02    1.2e-06
 365000      8.47e-02      7.97e-04      6.62e-02    1.2e-06
 366000      2.24e-01      5.88e-04      1.78e-01    1.2e-06
 367000      1.23e-01      1.47e-04      9.80e-02    1.2e-06
 368000      5.45e-02      1.20e-03      3.68e-02    1.2e-06
 369000      5.66e-02      9.85e-04      4.13e-02    1.1e-06
 370000      3.49e-01      1.92e-03      2.80e-01    1.1e-06
 371000      6.13e-02      2.13e-03      3.20e-02    1.1e-06
 372000      9.09e-02      3.08e-03      6.96e-02    1.0e-06
 373000      3.80e-01      3.62e-03      2.98e-01    1.0e-06
 374000      5.82e-02      4.55e-04      4.61e-02    1.0e-06
 375000      2.35e-01      1.18e-02      1.68e-01    9.7e-07
 376000      1.03e-01      3.41e-03      8.01e-02    9.7e-07
 377000      1.05e-01      1.88e-03      8.37e-02    9.7e-07
 378000      2.81e-02      1.29e-03      2.08e-02    9.1e-07
 379000      4.12e-02      8.13e-04      3.35e-02    9.1e-07
 380000      7.53e-02      6.53e-04      6.22e-02    9.1e-07
 381000      5.86e-02      3.62e-04      4.86e-02    8.6e-07
 382000      5.04e-02      4.53e-04      4.08e-02    8.6e-07
 383000      8.44e-02      2.98e-03      6.62e-02    8.6e-07
 384000      6.13e-02      2.32e-05      5.17e-02    8.1e-07
 385000      8.68e-02      7.48e-04      7.12e-02    8.1e-07
 386000      5.29e-02      7.98e-05      4.46e-02    8.1e-07
 387000      7.18e-02      2.18e-03      5.97e-02    7.6e-07
 388000      2.66e-01      1.96e-03      2.26e-01    7.6e-07
 389000      2.52e-01      7.22e-04      2.14e-01    7.6e-07
 390000      1.19e-01      2.84e-04      1.02e-01    7.2e-07
 391000      1.81e-01      3.89e-05      1.56e-01    7.2e-07
 392000      4.78e-02      1.19e-04      4.10e-02    7.2e-07
 393000      5.42e-02      7.57e-04      4.32e-02    6.7e-07
 394000      3.42e-02      9.02e-04      2.02e-02    6.7e-07
 395000      6.22e-02      2.14e-04      5.36e-02    6.7e-07
 396000      2.97e-01      6.64e-03      2.52e-01    6.3e-07
 397000      7.05e-02      3.55e-05      6.14e-02    6.3e-07
 398000      1.68e-01      7.66e-03      1.31e-01    6.3e-07
 399000      5.99e-02      6.41e-04      5.08e-02    6.0e-07
 400000      2.42e-01      3.43e-03      2.08e-01    6.0e-07
 401000      2.37e-01      2.51e-03      2.06e-01    6.0e-07
 402000      3.89e-02      9.31e-04      3.27e-02    5.6e-07
 403000      9.66e-02      2.55e-03      8.32e-02    5.6e-07
 404000      2.24e-01      4.39e-03      1.90e-01    5.6e-07
 405000      6.21e-02      3.21e-04      5.49e-02    5.3e-07
 406000      5.73e-02      1.09e-03      4.53e-02    5.3e-07
 407000      9.70e-02      1.73e-03      7.49e-02    5.3e-07
 408000      7.62e-02      2.41e-03      6.57e-02    5.0e-07
 409000      2.54e-01      1.03e-03      2.26e-01    5.0e-07
 410000      6.80e-02      2.51e-03      5.78e-02    5.0e-07
 411000      7.12e-02      1.61e-03      5.74e-02    4.7e-07
 412000      3.37e-01      4.19e-03      2.98e-01    4.7e-07
 413000      4.84e-02      5.98e-04      4.09e-02    4.7e-07
 414000      1.17e-01      4.28e-04      1.06e-01    4.4e-07
 415000      4.09e-02      1.89e-03      3.46e-02    4.4e-07
 416000      3.48e-01      2.63e-03      3.08e-01    4.4e-07
 417000      7.32e-02      1.29e-03      6.49e-02    4.1e-07
 418000      9.46e-02      2.83e-03      8.24e-02    4.1e-07
 419000      9.74e-02      1.64e-03      8.62e-02    4.1e-07
 420000      2.95e-01      9.94e-03      2.39e-01    3.9e-07
 421000      6.88e-02      4.31e-04      6.27e-02    3.9e-07
 422000      3.84e-02      5.76e-05      3.51e-02    3.9e-07
 423000      8.28e-02      6.58e-03      4.78e-02    3.7e-07
 424000      7.93e-02      5.73e-03      5.15e-02    3.7e-07
 425000      8.72e-02      9.09e-04      7.94e-02    3.7e-07
 426000      7.46e-02      4.38e-04      6.89e-02    3.4e-07
 427000      8.85e-02      1.89e-03      7.99e-02    3.4e-07
 428000      5.38e-02      5.01e-04      4.80e-02    3.4e-07
 429000      8.83e-02      4.03e-04      8.18e-02    3.2e-07
 430000      1.12e-01      4.26e-03      9.87e-02    3.2e-07
 431000      1.21e-01      4.57e-04      1.12e-01    3.2e-07
 432000      8.13e-02      2.40e-04      7.57e-02    3.0e-07
 433000      8.38e-02      9.04e-04      7.45e-02    3.0e-07
 434000      4.67e-02      4.99e-04      4.33e-02    3.0e-07
 435000      3.38e-02      2.49e-03      2.71e-02    2.9e-07
 436000      7.79e-02      6.36e-04      7.10e-02    2.9e-07
 437000      5.40e-02      3.31e-03      4.57e-02    2.9e-07
 438000      5.03e-02      4.43e-04      4.58e-02    2.7e-07
 439000      3.24e-01      6.92e-04      3.04e-01    2.7e-07
 440000      8.54e-02      2.02e-03      7.63e-02    2.7e-07
 441000      2.60e-01      1.79e-03      2.44e-01    2.5e-07
 442000      5.61e-02      7.03e-04      5.20e-02    2.5e-07
 443000      1.23e-01      1.91e-03      1.14e-01    2.5e-07
 444000      3.09e-02      2.50e-04      2.91e-02    2.4e-07
 445000      5.32e-02      5.21e-04      4.84e-02    2.4e-07
 446000      6.67e-02      8.40e-04      6.21e-02    2.4e-07
 447000      1.27e-01      6.09e-03      1.06e-01    2.2e-07
 448000      3.61e-02      1.15e-04      3.41e-02    2.2e-07
 449000      8.17e-02      1.80e-03      7.61e-02    2.2e-07
 450000      5.95e-02      9.00e-07      5.66e-02    2.1e-07
 451000      1.19e-01      8.38e-04      1.13e-01    2.1e-07
 452000      3.49e-02      2.89e-03      2.72e-02    2.1e-07
 453000      6.51e-02      1.49e-04      6.21e-02    2.0e-07
 454000      1.76e-01      4.30e-03      1.63e-01    2.0e-07
 455000      4.68e-02      2.68e-03      4.10e-02    2.0e-07
 456000      6.61e-02      1.08e-03      6.26e-02    1.9e-07
 457000      6.79e-02      2.32e-03      6.12e-02    1.9e-07
 458000      3.76e-01      7.91e-03      3.44e-01    1.9e-07
 459000      2.91e-02      5.11e-04      2.71e-02    1.8e-07
 460000      3.68e-01      9.77e-03      3.28e-01    1.8e-07
 461000      6.63e-02      1.02e-03      6.21e-02    1.8e-07
 462000      1.47e-01      1.40e-03      1.37e-01    1.7e-07
 463000      3.06e-01      5.43e-03      2.89e-01    1.7e-07
 464000      8.90e-02      4.06e-03      7.65e-02    1.7e-07
 465000      5.68e-02      4.29e-04      5.35e-02    1.6e-07
 466000      1.91e-01      7.06e-03      1.72e-01    1.6e-07
 467000      5.76e-02      1.39e-03      4.53e-02    1.6e-07
 468000      5.09e-02      1.76e-03      3.22e-02    1.5e-07
 469000      9.40e-02      1.76e-03      8.92e-02    1.5e-07
 470000      1.36e-01      3.69e-03      1.27e-01    1.5e-07
 471000      3.87e-02      2.43e-03      3.16e-02    1.4e-07
 472000      5.96e-02      5.68e-04      5.56e-02    1.4e-07
 473000      2.35e-01      2.98e-03      2.24e-01    1.4e-07
 474000      5.74e-02      9.10e-04      5.43e-02    1.3e-07
 475000      1.61e-01      3.48e-03      1.53e-01    1.3e-07
 476000      2.21e-01      4.65e-04      2.14e-01    1.3e-07
 477000      1.12e-01      4.01e-03      1.03e-01    1.2e-07
 478000      8.73e-02      1.99e-03      8.04e-02    1.2e-07
 479000      7.20e-02      2.29e-03      6.78e-02    1.2e-07
 480000      5.28e-02      1.02e-03      4.55e-02    1.1e-07
 481000      2.79e-02      3.46e-05      2.71e-02    1.1e-07
 482000      7.27e-02      1.83e-03      6.63e-02    1.1e-07
 483000      2.74e-01      9.25e-03      2.36e-01    1.1e-07
 484000      1.21e-01      7.55e-05      1.18e-01    1.1e-07
 485000      1.52e-01      7.45e-06      1.48e-01    1.1e-07
 486000      4.50e-02      5.33e-04      4.37e-02    1.0e-07
 487000      1.66e-01      4.37e-04      1.62e-01    1.0e-07
 488000      1.57e-01      9.50e-03      1.23e-01    1.0e-07
 489000      5.22e-02      1.79e-03      4.88e-02    9.6e-08
 490000      7.28e-02      8.19e-04      7.03e-02    9.6e-08
 491000      2.75e-01      2.05e-03      2.68e-01    9.6e-08
 492000      7.67e-02      3.42e-04      7.49e-02    9.0e-08
 493000      2.88e-01      3.42e-03      2.78e-01    9.0e-08
 494000      2.19e-02      5.94e-04      2.06e-02    9.0e-08
 495000      5.17e-02      1.51e-04      5.05e-02    8.5e-08
 496000      1.52e-01      5.33e-03      1.40e-01    8.5e-08
 497000      1.35e-01      3.34e-03      1.28e-01    8.5e-08
 498000      5.84e-02      6.63e-04      5.43e-02    8.0e-08
 499000      3.69e-02      4.87e-04      3.51e-02    8.0e-08
 500000      8.64e-02      9.60e-04      8.06e-02    8.0e-08
 501000      3.52e-01      4.51e-03      3.23e-01    7.5e-08
 502000      5.03e-02      6.48e-04      4.69e-02    7.5e-08
 503000      6.90e-02      1.49e-03      6.14e-02    7.5e-08
 504000      2.99e-02      3.56e-04      2.82e-02    7.0e-08
 505000      6.86e-02      1.03e-05      6.75e-02    7.0e-08
 506000      3.11e-01      2.05e-03      3.00e-01    7.0e-08
 507000      1.42e-01      3.52e-04      1.39e-01    6.6e-08
 508000      8.25e-02      5.46e-03      6.72e-02    6.6e-08
 509000      8.07e-02      3.69e-04      7.88e-02    6.6e-08
 510000      2.55e-01      3.15e-03      2.48e-01    6.2e-08
 511000      7.27e-02      1.21e-03      6.77e-02    6.2e-08
 512000      9.40e-02      1.12e-03      9.00e-02    6.2e-08
 513000      2.57e-02      1.11e-04      2.53e-02    5.9e-08
 514000      1.55e-01      8.37e-03      1.29e-01    5.9e-08
 515000      3.48e-02      1.58e-03      3.17e-02    5.9e-08
 516000      3.86e-02      1.53e-03      3.27e-02    5.5e-08
 517000      5.84e-02      2.24e-03      5.51e-02    5.5e-08
 518000      7.39e-02      1.46e-03      7.19e-02    5.5e-08
 519000      4.72e-02      2.28e-04      4.62e-02    5.2e-08
 520000      5.79e-02      1.07e-03      5.34e-02    5.2e-08
 521000      5.46e-02      7.01e-04      5.24e-02    5.2e-08
 522000      5.90e-02      1.53e-03      5.49e-02    4.9e-08
 523000      2.84e-01      5.08e-03      2.72e-01    4.9e-08
 524000      8.76e-02      4.22e-03      6.76e-02    4.9e-08
 525000      1.45e-01      3.63e-03      1.34e-01    4.6e-08
 526000      5.93e-02      2.53e-04      5.86e-02    4.6e-08
 527000      8.71e-02      9.25e-04      8.53e-02    4.6e-08
 528000      1.32e-01      3.52e-03      1.26e-01    4.3e-08
 529000      4.33e-02      6.74e-04      3.97e-02    4.3e-08
 530000      3.55e-02      2.87e-04      3.42e-02    4.3e-08
 531000      4.29e-02      3.16e-04      4.16e-02    4.1e-08
 532000      3.25e-02      4.04e-04      3.21e-02    4.1e-08
 533000      7.46e-02      5.97e-04      7.20e-02    4.1e-08
 534000      6.15e-02      4.40e-03      4.34e-02    3.8e-08
 535000      1.17e-01      1.45e-03      1.09e-01    3.8e-08
 536000      3.05e-01      1.25e-02      2.77e-01    3.8e-08
 537000      1.64e-01      7.64e-04      1.61e-01    3.6e-08
 538000      5.00e-02      2.55e-04      4.95e-02    3.6e-08
 539000      2.67e-01      1.80e-03      2.60e-01    3.6e-08
 540000      4.76e-02      1.03e-03      4.04e-02    3.4e-08
 541000      5.84e-02      6.27e-04      5.74e-02    3.4e-08
 542000      7.19e-02      2.16e-03      6.56e-02    3.4e-08
 543000      2.94e-01      3.93e-03      2.87e-01    3.2e-08
 544000      1.08e-01      2.98e-03      9.87e-02    3.2e-08
 545000      1.73e-01      8.20e-03      1.52e-01    3.2e-08
 546000      4.80e-02      4.91e-04      4.57e-02    3.0e-08
 547000      5.95e-02      1.13e-03      5.83e-02    3.0e-08
 548000      1.72e-01      1.19e-03      1.70e-01    3.0e-08
 549000      1.03e-01      5.32e-04      1.03e-01    2.8e-08
 550000      5.78e-02      1.62e-03      5.57e-02    2.8e-08
 551000      6.18e-02      2.56e-03      5.88e-02    2.8e-08
 552000      1.98e-01      1.10e-03      1.94e-01    2.7e-08
 553000      6.41e-02      2.06e-04      6.37e-02    2.7e-08
 554000      7.43e-02      2.27e-04      7.35e-02    2.7e-08
 555000      8.75e-02      1.76e-03      7.99e-02    2.5e-08
 556000      3.12e-02      2.30e-04      3.05e-02    2.5e-08
 557000      4.24e-02      3.10e-03      3.64e-02    2.5e-08
 558000      4.72e-02      6.89e-04      4.66e-02    2.4e-08
 559000      1.71e-01      5.95e-04      1.70e-01    2.4e-08
 560000      6.99e-02      3.11e-03      5.46e-02    2.4e-08
 561000      2.74e-01      7.37e-03      2.63e-01    2.2e-08
 562000      3.83e-02      1.52e-03      3.27e-02    2.2e-08
 563000      1.69e-01      8.35e-04      1.66e-01    2.2e-08
 564000      2.25e-01      1.00e-03      2.22e-01    2.1e-08
 565000      1.22e-01      5.24e-03      1.10e-01    2.1e-08
 566000      4.47e-02      9.27e-04      4.11e-02    2.1e-08
 567000      4.00e-02      3.62e-04      3.85e-02    2.0e-08
 568000      5.40e-02      1.01e-03      5.00e-02    2.0e-08
 569000      7.19e-02      3.22e-04      7.10e-02    2.0e-08
 570000      1.01e-01      1.35e-03      9.98e-02    1.8e-08
 571000      8.15e-02      1.06e-03      7.57e-02    1.8e-08
 572000      9.24e-02      4.30e-03      8.19e-02    1.8e-08
 573000      8.44e-02      3.21e-03      7.80e-02    1.7e-08
 574000      6.46e-02      2.82e-04      6.42e-02    1.7e-08
 575000      5.39e-02      1.47e-03      4.64e-02    1.7e-08
 576000      8.01e-02      2.39e-03      7.81e-02    1.6e-08
 577000      1.20e-01      2.64e-03      9.41e-02    1.6e-08
 578000      9.31e-02      1.44e-03      9.16e-02    1.6e-08
 579000      2.58e-01      5.26e-04      2.57e-01    1.5e-08
 580000      9.82e-02      1.43e-05      9.78e-02    1.5e-08
 581000      2.17e-01      2.49e-03      2.13e-01    1.5e-08
 582000      3.69e-02      6.03e-04      3.27e-02    1.4e-08
 583000      7.50e-02      5.11e-04      7.40e-02    1.4e-08
 584000      5.12e-02      9.52e-04      5.03e-02    1.4e-08
 585000      5.55e-02      1.19e-03      4.74e-02    1.4e-08
 586000      1.91e-01      4.45e-03      1.80e-01    1.4e-08
 587000      4.61e-02      1.92e-03      4.40e-02    1.4e-08
 588000      4.66e-02      9.66e-04      4.04e-02    1.3e-08
 589000      6.03e-02      1.18e-03      5.54e-02    1.3e-08
 590000      1.12e-01      1.73e-03      1.09e-01    1.3e-08
 591000      1.77e-01      5.23e-03      1.01e-01    1.2e-08
 592000      6.24e-02      1.91e-03      6.00e-02    1.2e-08
 593000      4.37e-02      9.32e-05      4.36e-02    1.2e-08
 594000      9.83e-02      1.72e-04      9.80e-02    1.1e-08
 595000      1.48e-01      2.90e-04      1.48e-01    1.1e-08
 596000      1.87e-01      3.12e-03      1.81e-01    1.1e-08
 597000      2.89e-01      5.11e-03      2.84e-01    1.1e-08
 598000      3.23e-01      2.42e-03      3.22e-01    1.1e-08
 599000      6.44e-02      7.90e-05      6.42e-02    1.1e-08
 600000      2.96e-01      4.99e-03      2.61e-01    1.0e-08
