\BOOKMARK [1][-]{section.1}{\376\377\116\316\145\234\142\233\217\320\122\250\122\060\131\032\117\123\122\035\120\074\225\356\230\230}{}% 1
\BOOKMARK [1][-]{section.2}{\376\377\147\000\147\064\175\040\166\204\143\250\217\333\116\072\116\300\116\110\116\015\131\037}{}% 2
\BOOKMARK [1][-]{section.3}{\376\377\166\370\172\172\225\364\060\001\000L\000i\000o\000u\000v\000i\000l\000l\000e\000\040\133\232\164\006\116\016\217\233\140\047}{}% 3
\BOOKMARK [1][-]{section.4}{\376\377\171\357\122\006\126\150\377\032\131\202\117\125\123\357\227\140\127\060\215\160\116\013\116\000\153\145}{}% 4
\BOOKMARK [2][-]{subsection.4.1}{\376\377\000V\000e\000r\000l\000e\000t\060\001\000l\000e\000a\000p\000f\000r\000o\000g\000\040\116\016\000\040\000v\000e\000l\000o\000c\000i\000t\000y\000\040\000V\000e\000r\000l\000e\000t}{section.4}% 5
\BOOKMARK [2][-]{subsection.4.2}{\376\377\116\016\000\040\000R\000u\000n\000g\000e\040\023\000K\000u\000t\000t\000a\000\040\145\271\154\325\153\324\217\203}{section.4}% 6
\BOOKMARK [1][-]{section.5}{\376\377\167\037\153\143\146\002\215\065\166\204\163\257\202\202\377\032\122\277\200\375\227\142\116\016\122\233}{}% 7
\BOOKMARK [1][-]{section.6}{\376\377\176\317\232\214\122\277\377\032\137\353\377\014\117\106\120\107\213\276\121\231\127\050\121\154\137\017\221\314}{}% 8
\BOOKMARK [2][-]{subsection.6.1}{\376\377\116\000\147\141\146\364\121\306\170\156\166\204\123\206\123\362\176\277}{section.6}% 9
\BOOKMARK [1][-]{section.7}{\376\377\000A\000I\000M\000D\377\032\153\317\116\052\171\273\133\120\153\145\221\314\121\215\135\114\116\000\134\102\165\065\133\120\217\355\116\343}{}% 10
\BOOKMARK [2][-]{subsection.7.1}{\376\377\000B\000o\000r\000n\040\023\000O\000p\000p\000e\000n\000h\000e\000i\000m\000e\000r\000\040\122\006\171\273\116\016\000\040\000S\000C\000F}{section.7}% 11
\BOOKMARK [2][-]{subsection.7.2}{\376\377\000B\000o\000r\000n\040\023\000O\000p\000p\000e\000n\000h\000e\000i\000m\000e\000r\000\040\000M\000D\000\040\116\016\000\040\000C\000a\000r\040\023\000P\000a\000r\000r\000i\000n\000e\000l\000l\000o\000\040\000M\000D}{section.7}% 12
\BOOKMARK [1][-]{section.8}{\376\377\147\072\126\150\133\146\116\140\122\277\377\032\133\146\116\140\122\277\200\375\227\142\377\014\200\014\116\015\146\057\215\363\217\307\162\151\164\006}{}% 13
\BOOKMARK [2][-]{subsection.8.1}{\376\377\116\316\142\113\121\231\121\375\145\160\122\060\145\160\143\156\232\161\122\250\210\150\171\072}{section.8}% 14
\BOOKMARK [2][-]{subsection.8.2}{\376\377\0002\0000\0000\0007\000\040\136\164\116\345\124\016\377\032\121\340\147\141\136\166\210\114\123\321\134\125\166\204\215\357\176\277}{section.8}% 15
\BOOKMARK [1][-]{section.9}{\376\377\221\307\150\067\377\032\225\177\217\150\217\371\116\015\173\111\116\216\131\032\117\341\140\157}{}% 16
\BOOKMARK [1][-]{section.10}{\376\377\130\236\137\072\221\307\150\067\377\032\213\251\217\150\217\371\215\350\217\307\172\000\147\011\122\277\127\222}{}% 17
\BOOKMARK [1][-]{section.11}{\376\377\142\212\126\333\134\102\213\357\135\356\122\006\137\000}{}% 18
\BOOKMARK [1][-]{section.12}{\376\377\116\316\152\041\127\213\122\060\123\357\131\015\163\260\217\150\217\371\377\032\116\000\131\127\147\000\134\017\135\345\117\134\155\101}{}% 19
\BOOKMARK [2][-]{subsection.12.1}{\376\377\121\110\133\232\116\111\225\356\230\230\377\014\121\215\165\037\142\020\122\035\140\001}{section.12}% 20
\BOOKMARK [2][-]{subsection.12.2}{\376\377\121\110\213\251\171\357\122\006\126\150\220\032\217\307\134\017\117\123\174\373\155\113\213\325}{section.12}% 21
\BOOKMARK [2][-]{subsection.12.3}{\376\377\142\212\122\233\213\241\173\227\126\150\137\123\117\134\162\354\172\313\217\157\116\366\232\214\213\301}{section.12}% 22
\BOOKMARK [2][-]{subsection.12.4}{\376\377\154\064\116\214\200\132\117\123\124\214\154\064\166\322\142\177\142\305\116\015\124\014\211\322\202\162}{section.12}% 23
\BOOKMARK [2][-]{subsection.12.5}{\376\377\165\037\116\247\147\037\176\323\147\137\124\016\142\115\137\000\131\313\176\337\213\241}{section.12}% 24
\BOOKMARK [1][-]{section.13}{\376\377\176\323\213\355}{}% 25
\BOOKMARK [1][-]{appendix.A}{\376\377\147\000\134\017\145\160\120\074\201\352\147\345\156\005\123\125}{}% 26
